--------------------------------------------------------------------------------
Release 14.7 Trace  (nt64)
Copyright (c) 1995-2013 Xilinx, Inc.  All rights reserved.

C:\Xilinx\14.7\ISE_DS\ISE\bin\nt64\unwrapped\trce.exe -intstyle ise -v 3 -s 2
-n 3 -fastpaths -xml Top_Level.twx Top_Level.ncd -o Top_Level.twr Top_Level.pcf
-ucf SOURCE.ucf

Design file:              Top_Level.ncd
Physical constraint file: Top_Level.pcf
Device,package,speed:     xc6slx25,ftg256,C,-2 (PRODUCTION 1.23 2013-10-13)
Report level:             verbose report

Environment Variable      Effect 
--------------------      ------ 
NONE                      No environment variables were set
--------------------------------------------------------------------------------

INFO:Timing:2698 - No timing constraints found, doing default enumeration.
INFO:Timing:3412 - To improve timing, see the Timing Closure User Guide (UG612).
INFO:Timing:2752 - To get complete path coverage, use the unconstrained paths 
   option. All paths that are not constrained will be reported in the 
   unconstrained paths section(s) of the report.
INFO:Timing:3339 - The clock-to-out numbers in this timing report are based on 
   a 50 Ohm transmission line loading model.  For the details of this model, 
   and for more information on accounting for different loading conditions, 
   please see the device datasheet.



Data Sheet report:
-----------------
All values displayed in nanoseconds (ns)

Setup/Hold to clock sdClkFb_i
-------------+------------+------------+------------+------------+------------------+--------+
             |Max Setup to|  Process   |Max Hold to |  Process   |                  | Clock  |
Source       | clk (edge) |   Corner   | clk (edge) |   Corner   |Internal Clock(s) | Phase  |
-------------+------------+------------+------------+------------+------------------+--------+
sdData_io<0> |    2.037(R)|      SLOW  |   -0.685(R)|      FAST  |sdClkFb_i_BUFGP   |   0.000|
sdData_io<1> |    1.775(R)|      SLOW  |   -0.537(R)|      SLOW  |sdClkFb_i_BUFGP   |   0.000|
sdData_io<2> |    2.060(R)|      SLOW  |   -0.752(R)|      FAST  |sdClkFb_i_BUFGP   |   0.000|
sdData_io<3> |    1.791(R)|      SLOW  |   -0.554(R)|      SLOW  |sdClkFb_i_BUFGP   |   0.000|
sdData_io<4> |    2.330(R)|      SLOW  |   -0.871(R)|      FAST  |sdClkFb_i_BUFGP   |   0.000|
sdData_io<5> |    2.057(R)|      SLOW  |   -0.722(R)|      FAST  |sdClkFb_i_BUFGP   |   0.000|
sdData_io<6> |    2.626(R)|      SLOW  |   -1.089(R)|      FAST  |sdClkFb_i_BUFGP   |   0.000|
sdData_io<7> |    2.746(R)|      SLOW  |   -1.237(R)|      FAST  |sdClkFb_i_BUFGP   |   0.000|
sdData_io<8> |    2.197(R)|      SLOW  |   -0.786(R)|      FAST  |sdClkFb_i_BUFGP   |   0.000|
sdData_io<9> |    1.832(R)|      SLOW  |   -0.494(R)|      FAST  |sdClkFb_i_BUFGP   |   0.000|
sdData_io<10>|    1.634(R)|      SLOW  |   -0.413(R)|      SLOW  |sdClkFb_i_BUFGP   |   0.000|
sdData_io<11>|    1.665(R)|      SLOW  |   -0.425(R)|      FAST  |sdClkFb_i_BUFGP   |   0.000|
sdData_io<12>|    1.987(R)|      SLOW  |   -0.628(R)|      FAST  |sdClkFb_i_BUFGP   |   0.000|
sdData_io<13>|    1.664(R)|      SLOW  |   -0.439(R)|      SLOW  |sdClkFb_i_BUFGP   |   0.000|
sdData_io<14>|    1.824(R)|      SLOW  |   -0.563(R)|      FAST  |sdClkFb_i_BUFGP   |   0.000|
sdData_io<15>|    2.180(R)|      SLOW  |   -0.754(R)|      FAST  |sdClkFb_i_BUFGP   |   0.000|
-------------+------------+------------+------------+------------+------------------+--------+

Clock fpgaClk_i to Pad
------------+-----------------+------------+-----------------+------------+-------------------------+--------+
            |Max (slowest) clk|  Process   |Min (fastest) clk|  Process   |                         | Clock  |
Destination |  (edge) to PAD  |   Corner   |  (edge) to PAD  |   Corner   |Internal Clock(s)        | Phase  |
------------+-----------------+------------+-----------------+------------+-------------------------+--------+
sdClk_o     |        10.451(R)|      SLOW  |         4.058(R)|      FAST  |XLXI_23/u0/genClkN_s_BUFG|   0.000|
            |        10.513(R)|      SLOW  |         4.124(R)|      FAST  |XLXI_23/u0/genClkP_s_BUFG|   0.000|
------------+-----------------+------------+-----------------+------------+-------------------------+--------+

Clock sdClkFb_i to Pad
-------------+-----------------+------------+-----------------+------------+------------------+--------+
             |Max (slowest) clk|  Process   |Min (fastest) clk|  Process   |                  | Clock  |
Destination  |  (edge) to PAD  |   Corner   |  (edge) to PAD  |   Corner   |Internal Clock(s) | Phase  |
-------------+-----------------+------------+-----------------+------------+------------------+--------+
sdAddr_o<0>  |        11.684(R)|      SLOW  |         5.076(R)|      FAST  |sdClkFb_i_BUFGP   |   0.000|
sdAddr_o<1>  |        11.772(R)|      SLOW  |         5.105(R)|      FAST  |sdClkFb_i_BUFGP   |   0.000|
sdAddr_o<2>  |        10.906(R)|      SLOW  |         4.644(R)|      FAST  |sdClkFb_i_BUFGP   |   0.000|
sdAddr_o<3>  |        10.742(R)|      SLOW  |         4.623(R)|      FAST  |sdClkFb_i_BUFGP   |   0.000|
sdAddr_o<4>  |        12.468(R)|      SLOW  |         5.534(R)|      FAST  |sdClkFb_i_BUFGP   |   0.000|
sdAddr_o<5>  |        12.326(R)|      SLOW  |         5.443(R)|      FAST  |sdClkFb_i_BUFGP   |   0.000|
sdAddr_o<6>  |        12.494(R)|      SLOW  |         5.560(R)|      FAST  |sdClkFb_i_BUFGP   |   0.000|
sdAddr_o<7>  |        12.472(R)|      SLOW  |         5.545(R)|      FAST  |sdClkFb_i_BUFGP   |   0.000|
sdAddr_o<8>  |        10.846(R)|      SLOW  |         4.611(R)|      FAST  |sdClkFb_i_BUFGP   |   0.000|
sdAddr_o<9>  |        10.604(R)|      SLOW  |         4.477(R)|      FAST  |sdClkFb_i_BUFGP   |   0.000|
sdAddr_o<10> |        11.280(R)|      SLOW  |         4.866(R)|      FAST  |sdClkFb_i_BUFGP   |   0.000|
sdAddr_o<11> |        12.026(R)|      SLOW  |         5.267(R)|      FAST  |sdClkFb_i_BUFGP   |   0.000|
sdAddr_o<12> |        10.773(R)|      SLOW  |         4.619(R)|      FAST  |sdClkFb_i_BUFGP   |   0.000|
sdCas_bo     |        10.074(R)|      SLOW  |         4.166(R)|      FAST  |sdClkFb_i_BUFGP   |   0.000|
sdCke_o      |        10.450(R)|      SLOW  |         4.426(R)|      FAST  |sdClkFb_i_BUFGP   |   0.000|
sdData_io<0> |        11.782(R)|      SLOW  |         4.177(R)|      FAST  |sdClkFb_i_BUFGP   |   0.000|
sdData_io<1> |        11.782(R)|      SLOW  |         4.183(R)|      FAST  |sdClkFb_i_BUFGP   |   0.000|
sdData_io<2> |        11.711(R)|      SLOW  |         4.130(R)|      FAST  |sdClkFb_i_BUFGP   |   0.000|
sdData_io<3> |        11.733(R)|      SLOW  |         4.325(R)|      FAST  |sdClkFb_i_BUFGP   |   0.000|
sdData_io<4> |        11.711(R)|      SLOW  |         4.248(R)|      FAST  |sdClkFb_i_BUFGP   |   0.000|
sdData_io<5> |        11.733(R)|      SLOW  |         4.427(R)|      FAST  |sdClkFb_i_BUFGP   |   0.000|
sdData_io<6> |        12.708(R)|      SLOW  |         4.619(R)|      FAST  |sdClkFb_i_BUFGP   |   0.000|
sdData_io<7> |        12.485(R)|      SLOW  |         4.678(R)|      FAST  |sdClkFb_i_BUFGP   |   0.000|
sdData_io<8> |        14.944(R)|      SLOW  |         4.434(R)|      FAST  |sdClkFb_i_BUFGP   |   0.000|
sdData_io<9> |        13.349(R)|      SLOW  |         4.174(R)|      FAST  |sdClkFb_i_BUFGP   |   0.000|
sdData_io<10>|        12.941(R)|      SLOW  |         4.104(R)|      FAST  |sdClkFb_i_BUFGP   |   0.000|
sdData_io<11>|        12.941(R)|      SLOW  |         4.198(R)|      FAST  |sdClkFb_i_BUFGP   |   0.000|
sdData_io<12>|        12.903(R)|      SLOW  |         3.980(R)|      FAST  |sdClkFb_i_BUFGP   |   0.000|
sdData_io<13>|        12.903(R)|      SLOW  |         3.985(R)|      FAST  |sdClkFb_i_BUFGP   |   0.000|
sdData_io<14>|        13.349(R)|      SLOW  |         4.231(R)|      FAST  |sdClkFb_i_BUFGP   |   0.000|
sdData_io<15>|        14.811(R)|      SLOW  |         4.482(R)|      FAST  |sdClkFb_i_BUFGP   |   0.000|
sdRas_bo     |         9.234(R)|      SLOW  |         3.767(R)|      FAST  |sdClkFb_i_BUFGP   |   0.000|
sdWe_bo      |        11.309(R)|      SLOW  |         4.861(R)|      FAST  |sdClkFb_i_BUFGP   |   0.000|
-------------+-----------------+------------+-----------------+------------+------------------+--------+

Clock to Setup on destination clock sdClkFb_i
---------------+---------+---------+---------+---------+
               | Src:Rise| Src:Fall| Src:Rise| Src:Fall|
Source Clock   |Dest:Rise|Dest:Rise|Dest:Fall|Dest:Fall|
---------------+---------+---------+---------+---------+
sdClkFb_i      |    7.737|         |         |         |
---------------+---------+---------+---------+---------+


Analysis completed Thu May 11 15:20:01 2023 
--------------------------------------------------------------------------------

Trace Settings:
-------------------------
Trace Settings 

Peak Memory Usage: 4616 MB



